bsp_driver_sd.c:48:16:BSP_SD_Init	16	static
bsp_driver_sd.c:82:16:BSP_SD_ITConfig	4	static
bsp_driver_sd.c:91:13:BSP_SD_DetectIT	4	static
bsp_driver_sd.c:108:16:BSP_SD_ReadBlocks	40	static
bsp_driver_sd.c:131:16:BSP_SD_WriteBlocks	40	static
bsp_driver_sd.c:153:16:BSP_SD_ReadBlocks_DMA	32	static
bsp_driver_sd.c:176:16:BSP_SD_WriteBlocks_DMA	32	static
bsp_driver_sd.c:198:16:BSP_SD_Erase	24	static
bsp_driver_sd.c:218:16:BSP_SD_GetCardState	8	static
bsp_driver_sd.c:228:13:BSP_SD_GetCardInfo	16	static
bsp_driver_sd.c:242:6:HAL_SD_AbortCallback	16	static
bsp_driver_sd.c:252:6:HAL_SD_TxCpltCallback	16	static
bsp_driver_sd.c:262:6:HAL_SD_RxCpltCallback	16	static
bsp_driver_sd.c:273:13:BSP_SD_AbortCallback	4	static
bsp_driver_sd.c:283:13:BSP_SD_WriteCpltCallback	4	static
bsp_driver_sd.c:293:13:BSP_SD_ReadCpltCallback	4	static
bsp_driver_sd.c:305:16:BSP_SD_IsDetected	16	static
